CMO_SAMPLE_ID	TotalCoverage	UniqueCoverage
TD-seracare-0-5per	1601.58	1601.58
TD-seracare-1per	1451.73	1451.73
TD-seracare-2-5per	1633.63	1633.63
TD-seracare-5per	1389.75	1389.75
TD-seracare-wt	1367.62	1367.62
