CMO_SAMPLE_ID	All Unique	Duplex	Simplex	TotalCoverage	UniqueCoverage	SimplexDuplex
TD-seracare-0-5per	593.341	100.958	109.84200000000001	2133.63	598.0169999999999	210.8
TD-seracare-1per	562.007	95.0214	94.9547	1964.24	572.409	189.9761
TD-seracare-2-5per	531.609	88.6732	81.3996	1657.51	535.664	170.0728
TD-seracare-5per	443.454	70.9017	80.3222	1400.71	433.733	151.22390000000001
TD-seracare-wt	495.314	81.4081	76.8912	1646.3	502.17800000000005	158.29930000000002
